// Jest Snapshot v1, https://jestjs.io/docs/snapshot-testing

exports[`CreateButton Component matches snapshot 1`] = `
<DocumentFragment>
  <button
    class="flex items-center gap-2 p-2 md:p-3 py-3 md:py-4 rounded-lg bg-blue-dark hover:bg-blue text-gray-100 hover:cursor-pointer transition-colors duration-300"
    type="button"
  >
    <span
      class="text-xs md:text-sm font-bold"
    >
      Tambah
    </span>
    <svg
      class="text-base"
      fill="currentColor"
      height="1em"
      stroke="currentColor"
      stroke-width="0"
      viewBox="0 0 24 24"
      width="1em"
      xmlns="http://www.w3.org/2000/svg"
    >
      <path
        d="M0 0h24v24H0z"
        fill="none"
      />
      <path
        d="M13 7h-2v4H7v2h4v4h2v-4h4v-2h-4V7zm-1-5C6.48 2 2 6.48 2 12s4.48 10 10 10 10-4.48 10-10S17.52 2 12 2zm0 18c-4.41 0-8-3.59-8-8s3.59-8 8-8 8 3.59 8 8-3.59 8-8 8z"
      />
    </svg>
  </button>
</DocumentFragment>
`;
